[html.pixel-industry.com/royal-plate/elements.html]
[backblue.gif]
[fade.gif]
[index.html]
[html.pixel-industry.com/royal-plate/css/bootstrap.min.css]
[html.pixel-industry.com/royal-plate/css/bootstrap-theme.min.css]
[html.pixel-industry.com/royal-plate/css/style.css]
[html.pixel-industry.com/royal-plate/css/color-default.css]
[html.pixel-industry.com/royal-plate/css/retina.css]
[html.pixel-industry.com/royal-plate/css/responsive.css]
[html.pixel-industry.com/royal-plate/css/animate.css]
[html.pixel-industry.com/royal-plate/css/nivo-slider.css]
[html.pixel-industry.com/royal-plate/owl-carousel/owl.carousel.css]
[html.pixel-industry.com/royal-plate/owl-carousel/owl.theme.css]
[html.pixel-industry.com/royal-plate/font-awesome/css/font-awesome.min.css]
[html.pixel-industry.com/royal-plate/index.html]
[html.pixel-industry.com/royal-plate/img/logo.png]
[html.pixel-industry.com/royal-plate/locations.html]
[html.pixel-industry.com/royal-plate/about.html]
[html.pixel-industry.com/royal-plate/menu-01.html]
[html.pixel-industry.com/royal-plate/menu-02.html]
[html.pixel-industry.com/royal-plate/menu-details.html]
[html.pixel-industry.com/royal-plate/reservations.html]
[html.pixel-industry.com/royal-plate/catering.html]
[html.pixel-industry.com/royal-plate/catering-single-page.html]
[html.pixel-industry.com/royal-plate/gallery.html]
[html.pixel-industry.com/royal-plate/blog.html]
[html.pixel-industry.com/royal-plate/contact.html]
[html.pixel-industry.com/royal-plate/img/pics/img-30.jpg]
[html.pixel-industry.com/royal-plate/img/pics/img-31.jpg]
[html.pixel-industry.com/royal-plate/img/pics/img-13.jpg]
[html.pixel-industry.com/royal-plate/img/pics/menu-item-16.png]
[html.pixel-industry.com/royal-plate/img/pics/menu-item-02.png]
[html.pixel-industry.com/royal-plate/img/pics/menu-item-03.png]
[html.pixel-industry.com/royal-plate/img/pics/menu-item-15.png]
[html.pixel-industry.com/royal-plate/img/pics/img-32.jpg]
[html.pixel-industry.com/royal-plate/img/pics/img-17.jpg]
[html.pixel-industry.com/royal-plate/img/pics/img-14.jpg]
[html.pixel-industry.com/royal-plate/img/pics/img-33.jpg]
[html.pixel-industry.com/royal-plate/img/pics/img-34.jpg]
[html.pixel-industry.com/royal-plate/img/pics/img-02.jpg]
[html.pixel-industry.com/royal-plate/img/pics/img-03.jpg]
[html.pixel-industry.com/royal-plate/blog-details.html]
[html.pixel-industry.com/royal-plate/img/pics/img-35.png]
[html.pixel-industry.com/royal-plate/img/pics/img-36.png]
[html.pixel-industry.com/royal-plate/img/pics/img-37.png]
[html.pixel-industry.com/royal-plate/img/pics/img-38.jpg]
[html.pixel-industry.com/royal-plate/img/pics/img-39.jpg]
[html.pixel-industry.com/royal-plate/img/blog/avatar-4.png]
[html.pixel-industry.com/royal-plate/img/blog/avatar-2.png]
[html.pixel-industry.com/royal-plate/img/blog/avatar-1.png]
[html.pixel-industry.com/royal-plate/img/blog/avatar-3.png]
[html.pixel-industry.com/royal-plate/js/jquery-2.1.4.min.js]
[html.pixel-industry.com/royal-plate/js/bootstrap.min.js]
[html.pixel-industry.com/royal-plate/js/jquery.scripts.min.js]
[html.pixel-industry.com/royal-plate/js/jquery.dlmenu.min.js]
[html.pixel-industry.com/royal-plate/js/include.js]
[html.pixel-industry.com/royal-plate/js/jquery.nivo.slider.pack.js]
[html.pixel-industry.com/royal-plate/owl-carousel/owl.carousel.min.js]
[html.pixel-industry.com/royal-plate/js/TweenMax.min.js]
[html.pixel-industry.com/royal-plate/elements.html]
[html.pixel-industry.com/royal-plate/css/bootstrap.min.css]
[html.pixel-industry.com/royal-plate/css/bootstrap-theme.min.css]
[html.pixel-industry.com/royal-plate/js/ScrollToPlugin.min.js]
[html.pixel-industry.com/royal-plate/fonts/Montserrat-UltraLight.otf]
[html.pixel-industry.com/royal-plate/img/input-arrow.png]
[html.pixel-industry.com/royal-plate/img/page-titles/page-title-1.jpg]
[html.pixel-industry.com/royal-plate/img/page-titles/page-title-2.jpg]
[html.pixel-industry.com/royal-plate/img/page-titles/page-title-3.jpg]
[html.pixel-industry.com/royal-plate/img/page-titles/page-title-4.jpg]
[html.pixel-industry.com/royal-plate/img/page-titles/page-title-5.jpg]
[html.pixel-industry.com/royal-plate/img/page-titles/page-title-6.jpg]
[html.pixel-industry.com/royal-plate/img/page-titles/page-title-7.jpg]
[html.pixel-industry.com/royal-plate/img/page-titles/page-title-8.jpg]
[html.pixel-industry.com/royal-plate/img/pics/bkg-img1.jpg]
[html.pixel-industry.com/royal-plate/img/pics/bkg-img2.png]
[html.pixel-industry.com/royal-plate/img/pics/bkg-img3.jpg]
[html.pixel-industry.com/royal-plate/img/pics/bkg-img4.jpg]
[html.pixel-industry.com/royal-plate/img/pics/bkg-img5.jpg]
[html.pixel-industry.com/royal-plate/img/pics/bkg-img6.jpg]
[html.pixel-industry.com/royal-plate/img/pics/bkg-img7.jpg]
[html.pixel-industry.com/royal-plate/img/pics/bkg-img8.jpg]
[html.pixel-industry.com/royal-plate/img/pics/bkg-img9.png]
[html.pixel-industry.com/royal-plate/img/pics/bkg-img10.jpg]
[html.pixel-industry.com/royal-plate/img/pics/bkg-img11.jpg]
[html.pixel-industry.com/royal-plate/img/pics/bkg-img12.jpg]
[html.pixel-industry.com/royal-plate/img/pics/bkg-img13.jpg]
[html.pixel-industry.com/royal-plate/img/pics/bkg-img14.png]
[html.pixel-industry.com/royal-plate/img/pics/bkg-img15.jpg]
[html.pixel-industry.com/royal-plate/img/pics/bkg-img16.jpg]
[html.pixel-industry.com/royal-plate/img/pics/bkg-img17.jpg]
[html.pixel-industry.com/royal-plate/img/pics/bkg-img18.jpg]
[html.pixel-industry.com/royal-plate/img/pics/bkg-img19.jpg]
[html.pixel-industry.com/royal-plate/img/pics/bkg-img20.jpg]
[html.pixel-industry.com/royal-plate/img/pics/bkg-img21.jpg]
[html.pixel-industry.com/royal-plate/img/pics/locations-column-background-image.jpg]
[html.pixel-industry.com/royal-plate/img/menu-left-shadow.png]
[html.pixel-industry.com/royal-plate/img/menu-right-shadow.png]
[html.pixel-industry.com/royal-plate/img/border-decor.png]
[html.pixel-industry.com/royal-plate/img/search.png]
[html.pixel-industry.com/royal-plate/img/pics/footer-bkg-img1.png]
[html.pixel-industry.com/royal-plate/img/pics/footer-bkg-img2.png]
[html.pixel-industry.com/royal-plate/css/style.css]
[html.pixel-industry.com/royal-plate/css/color-default.css]
[html.pixel-industry.com/royal-plate/img/search@2x.png]
[html.pixel-industry.com/royal-plate/img/border-decor@2x.png]
[html.pixel-industry.com/royal-plate/img/input-arrow@2x.png]
[html.pixel-industry.com/royal-plate/img/menu-left-shadow@2x.png]
[html.pixel-industry.com/royal-plate/img/menu-right-shadow@2x.png]
[html.pixel-industry.com/royal-plate/img/nivo-next-nav@2x.png]
[html.pixel-industry.com/royal-plate/img/nivo-prev-nav@2x.png]
[html.pixel-industry.com/royal-plate/css/retina.css]
[html.pixel-industry.com/royal-plate/css/responsive.css]
[html.pixel-industry.com/royal-plate/css/animate.css]
[html.pixel-industry.com/royal-plate/img/nivo-next-nav.png]
[html.pixel-industry.com/royal-plate/img/nivo-prev-nav.png]
[html.pixel-industry.com/royal-plate/img/bullets.png]
[html.pixel-industry.com/royal-plate/css/nivo-slider.css]
[html.pixel-industry.com/royal-plate/owl-carousel/grabbing.png]
[html.pixel-industry.com/royal-plate/owl-carousel/owl.carousel.css]
[html.pixel-industry.com/royal-plate/owl-carousel/AjaxLoader.gif]
[html.pixel-industry.com/royal-plate/owl-carousel/owl.theme.css]
[html.pixel-industry.com/royal-plate/font-awesome/fonts/fontawesome-webfont78ce.eot]
[html.pixel-industry.com/royal-plate/font-awesome/fonts/fontawesome-webfontd41d.eot]
[html.pixel-industry.com/royal-plate/font-awesome/fonts/fontawesome-webfont78ce.woff]
[html.pixel-industry.com/royal-plate/font-awesome/fonts/fontawesome-webfont78ce.ttf]
[html.pixel-industry.com/royal-plate/font-awesome/css/font-awesome.min.css]
[html.pixel-industry.com/royal-plate/font-awesome/fonts/fontawesome-webfont78ce.svg]
[html.pixel-industry.com/royal-plate/masterslider/style/masterslider.css]
[html.pixel-industry.com/royal-plate/masterslider/skins/default/style.css]
[html.pixel-industry.com/royal-plate/css/magnific-popup.css]
[html.pixel-industry.com/royal-plate/masterslider/style/blank.gif]
[html.pixel-industry.com/royal-plate/img/svg/heading-icon.svg]
[html.pixel-industry.com/royal-plate/img/pics/spices-left.png]
[html.pixel-industry.com/royal-plate/img/pics/spices-right.png]
[html.pixel-industry.com/royal-plate/img/gallery/gallery-1s.jpg]
[html.pixel-industry.com/royal-plate/img/gallery/gallery-1.jpg]
[html.pixel-industry.com/royal-plate/img/gallery/gallery-2s.jpg]
[html.pixel-industry.com/royal-plate/img/gallery/gallery-2.jpg]
[html.pixel-industry.com/royal-plate/img/gallery/gallery-3s.jpg]
[html.pixel-industry.com/royal-plate/img/gallery/gallery-3.jpg]
[html.pixel-industry.com/royal-plate/img/gallery/gallery-4s.jpg]
[html.pixel-industry.com/royal-plate/img/gallery/gallery-4.jpg]
[html.pixel-industry.com/royal-plate/img/pics/menu-item-01.png]
[html.pixel-industry.com/royal-plate/img/pics/img-01.jpg]
[html.pixel-industry.com/royal-plate/catering-single-page]
[html.pixel-industry.com/royal-plate/img/pics/img-09.jpg]
[html.pixel-industry.com/royal-plate/img/pics/img-10.jpg]
[html.pixel-industry.com/royal-plate/masterslider/masterslider.min.js]
[html.pixel-industry.com/royal-plate/masterslider/jquery.easing.min.js]
[html.pixel-industry.com/royal-plate/js/jquery.magnific-popup.min.js]
[html.pixel-industry.com/royal-plate/index.html]
[html.pixel-industry.com/royal-plate/js/instagram-stream.jquery.js]
[html.pixel-industry.com/royal-plate/img/logo-large.png]
[html.pixel-industry.com/royal-plate/locations.html]
[html.pixel-industry.com/royal-plate/img/pics/img-04.jpg]
[html.pixel-industry.com/royal-plate/img/pics/img-05.jpg]
[html.pixel-industry.com/royal-plate/img/pics/img-06.jpg]
[html.pixel-industry.com/royal-plate/img/pics/team-1.jpg]
[html.pixel-industry.com/royal-plate/img/pics/team-2.jpg]
[html.pixel-industry.com/royal-plate/img/pics/team-3.jpg]
[html.pixel-industry.com/royal-plate/about.html]
[html.pixel-industry.com/royal-plate/img/pics/menu-item-04.png]
[html.pixel-industry.com/royal-plate/img/pics/menu-item-05.png]
[html.pixel-industry.com/royal-plate/img/pics/menu-item-06.png]
[html.pixel-industry.com/royal-plate/img/pics/menu-item-07.png]
[html.pixel-industry.com/royal-plate/img/pics/menu-item-08.png]
[html.pixel-industry.com/royal-plate/img/pics/menu-item-09.png]
[html.pixel-industry.com/royal-plate/img/pics/menu-item-10.png]
[html.pixel-industry.com/royal-plate/img/pics/menu-item-11.png]
[html.pixel-industry.com/royal-plate/img/pics/menu-item-12.png]
[html.pixel-industry.com/royal-plate/img/pics/menu-item-13.png]
[html.pixel-industry.com/royal-plate/img/pics/menu-item-14.png]
[html.pixel-industry.com/royal-plate/img/pics/img-07.png]
[html.pixel-industry.com/royal-plate/img/pics/menu-item-17.png]
[html.pixel-industry.com/royal-plate/img/pics/menu-item-18.png]
[html.pixel-industry.com/royal-plate/img/pics/menu-item-19.png]
[html.pixel-industry.com/royal-plate/img/pics/menu-item-20.png]
[html.pixel-industry.com/royal-plate/img/pics/menu-item-21.png]
[html.pixel-industry.com/royal-plate/menu-01.html]
[html.pixel-industry.com/royal-plate/menu-02.html]
[html.pixel-industry.com/royal-plate/menu-details.html]
[html.pixel-industry.com/royal-plate/reservations.html]
[html.pixel-industry.com/royal-plate/img/pics/img-08.jpg]
[html.pixel-industry.com/royal-plate/img/pics/img-12.jpg]
[html.pixel-industry.com/royal-plate/catering.html]
[html.pixel-industry.com/royal-plate/img/pics/img-15.jpg]
[html.pixel-industry.com/royal-plate/img/pics/img-16.jpg]
[html.pixel-industry.com/royal-plate/catering-single-page.html]
[html.pixel-industry.com/royal-plate/img/pics/img-18.jpg]
[html.pixel-industry.com/royal-plate/img/pics/img-19.jpg]
[html.pixel-industry.com/royal-plate/img/pics/img-20.jpg]
[html.pixel-industry.com/royal-plate/img/pics/img-21.jpg]
[html.pixel-industry.com/royal-plate/img/pics/img-22.jpg]
[html.pixel-industry.com/royal-plate/img/pics/img-23.jpg]
[html.pixel-industry.com/royal-plate/img/pics/img-24.jpg]
[html.pixel-industry.com/royal-plate/img/pics/img-25.jpg]
[html.pixel-industry.com/royal-plate/img/pics/img-26.jpg]
[html.pixel-industry.com/royal-plate/img/pics/img-27.jpg]
[html.pixel-industry.com/royal-plate/img/pics/img-28.jpg]
[html.pixel-industry.com/royal-plate/img/pics/img-29.jpg]
[html.pixel-industry.com/royal-plate/js/gallery.js]
[html.pixel-industry.com/royal-plate/gallery.html]
[html.pixel-industry.com/royal-plate/js/jquery.isotope.min.js]
[html.pixel-industry.com/royal-plate/img/blog/blog-1.jpg]
[html.pixel-industry.com/royal-plate/img/blog/blog-2.jpg]
[html.pixel-industry.com/royal-plate/img/blog/blog-3.jpg]
[html.pixel-industry.com/royal-plate/img/blog/blog-4.jpg]
[html.pixel-industry.com/royal-plate/blog.html]
[html.pixel-industry.com/royal-plate/contact.html]
[html.pixel-industry.com/royal-plate/img/blog/blog-5.jpg]
[html.pixel-industry.com/royal-plate/blog-details.html]
[html.pixel-industry.com/royal-plate/img/bullets.html]
[html.pixel-industry.com/royal-plate/font-awesome/fonts/fontawesome-webfont78ce.svg]
[html.pixel-industry.com/royal-plate/sharrre/jquery.sharrre-1.3.4.min.js]
[html.pixel-industry.com/royal-plate/masterslider/style/loading-2.gif]
[html.pixel-industry.com/royal-plate/masterslider/style/grab.png]
[html.pixel-industry.com/royal-plate/masterslider/style/grabbing.png]
[html.pixel-industry.com/royal-plate/masterslider/style/video-close-btn.png]
[html.pixel-industry.com/royal-plate/masterslider/style/masterslider.css]
[html.pixel-industry.com/royal-plate/masterslider/skins/default/light-skin-1.png]
[html.pixel-industry.com/royal-plate/masterslider/skins/default/light-skin-1-retina.png]
[html.pixel-industry.com/royal-plate/masterslider/skins/default/style.css]
[html.pixel-industry.com/royal-plate/css/magnific-popup.css]
[html.pixel-industry.com/royal-plate/img/svg/heading-icon.svg]
[html.pixel-industry.com/royal-plate/catering-single-page-2.html]
